MPLINK 5.08, LINKER
Linker Map File - Created Sat Nov 12 21:23:12 2022

                                 Section Info
                  Section       Type    Address   Location Size(Bytes)
                ---------  ---------  ---------  ---------  ---------
                   .org_0       code   0x000000    program   0x000002
                   .cinit    romdata   0x000001    program   0x000004
                   .org_1       code   0x000004    program   0x000034
.config_2007_BUILD/DEFAULT/PRODUCTION/TMR0_AS       code   0x002007    program   0x000002



                              Program Memory Usage 
                               Start         End      
                           ---------   ---------      
                            0x000000    0x000002      
                            0x000004    0x00001d      
                            0x002007    0x002007      
            30 out of 8454 program addresses used, program memory utilization is 0%



                              Symbols - Sorted by Name
                     Name    Address   Location    Storage File                     
                ---------  ---------  ---------  --------- ---------                
                     MAIN   0x00000f    program     static C:\Users\Emin Emirhan\Desktop\TMR0.X\TMR0_asm_code.asm
                 TMR0_INT   0x000005    program     static C:\Users\Emin Emirhan\Desktop\TMR0.X\TMR0_asm_code.asm
                     loop   0x00001d    program     static C:\Users\Emin Emirhan\Desktop\TMR0.X\TMR0_asm_code.asm



                              Symbols - Sorted by Address
                     Name    Address   Location    Storage File                     
                ---------  ---------  ---------  --------- ---------                
                 TMR0_INT   0x000005    program     static C:\Users\Emin Emirhan\Desktop\TMR0.X\TMR0_asm_code.asm
                     MAIN   0x00000f    program     static C:\Users\Emin Emirhan\Desktop\TMR0.X\TMR0_asm_code.asm
                     loop   0x00001d    program     static C:\Users\Emin Emirhan\Desktop\TMR0.X\TMR0_asm_code.asm


