MPLINK 5.08, LINKER
Linker Map File - Created Sun Nov 06 15:11:28 2022

                                 Section Info
                  Section       Type    Address   Location Size(Bytes)
                ---------  ---------  ---------  ---------  ---------
                   .org_0       code   0x000000    program   0x000042
                   .cinit    romdata   0x000021    program   0x000004
.config_2007_BUILD/DEFAULT/PRODUCTION/BUZZER_       code   0x002007    program   0x000002



                              Program Memory Usage 
                               Start         End      
                           ---------   ---------      
                            0x000000    0x000022      
                            0x002007    0x002007      
            36 out of 8454 program addresses used, program memory utilization is 0%



                              Symbols - Sorted by Name
                     Name    Address   Location    Storage File                     
                ---------  ---------  ---------  --------- ---------                
                   buzzer   0x000008    program     static D:\Storage\Emirhan\5. Term\Microprocessors and Programming\MPLAB\buzzer_delaying.X\buzzer_delay.asm
             delay_250_ms   0x000015    program     static D:\Storage\Emirhan\5. Term\Microprocessors and Programming\MPLAB\buzzer_delaying.X\buzzer_delay.asm
              delay_3_sec   0x00001b    program     static D:\Storage\Emirhan\5. Term\Microprocessors and Programming\MPLAB\buzzer_delaying.X\buzzer_delay.asm
             delay_one_ms   0x00000f    program     static D:\Storage\Emirhan\5. Term\Microprocessors and Programming\MPLAB\buzzer_delaying.X\buzzer_delay.asm
              loop_250_ms   0x000017    program     static D:\Storage\Emirhan\5. Term\Microprocessors and Programming\MPLAB\buzzer_delaying.X\buzzer_delay.asm
               loop_3_sec   0x00001d    program     static D:\Storage\Emirhan\5. Term\Microprocessors and Programming\MPLAB\buzzer_delaying.X\buzzer_delay.asm
              loop_one_ms   0x000011    program     static D:\Storage\Emirhan\5. Term\Microprocessors and Programming\MPLAB\buzzer_delaying.X\buzzer_delay.asm
                     main   0x000005    program     static D:\Storage\Emirhan\5. Term\Microprocessors and Programming\MPLAB\buzzer_delaying.X\buzzer_delay.asm



                              Symbols - Sorted by Address
                     Name    Address   Location    Storage File                     
                ---------  ---------  ---------  --------- ---------                
                     main   0x000005    program     static D:\Storage\Emirhan\5. Term\Microprocessors and Programming\MPLAB\buzzer_delaying.X\buzzer_delay.asm
                   buzzer   0x000008    program     static D:\Storage\Emirhan\5. Term\Microprocessors and Programming\MPLAB\buzzer_delaying.X\buzzer_delay.asm
             delay_one_ms   0x00000f    program     static D:\Storage\Emirhan\5. Term\Microprocessors and Programming\MPLAB\buzzer_delaying.X\buzzer_delay.asm
              loop_one_ms   0x000011    program     static D:\Storage\Emirhan\5. Term\Microprocessors and Programming\MPLAB\buzzer_delaying.X\buzzer_delay.asm
             delay_250_ms   0x000015    program     static D:\Storage\Emirhan\5. Term\Microprocessors and Programming\MPLAB\buzzer_delaying.X\buzzer_delay.asm
              loop_250_ms   0x000017    program     static D:\Storage\Emirhan\5. Term\Microprocessors and Programming\MPLAB\buzzer_delaying.X\buzzer_delay.asm
              delay_3_sec   0x00001b    program     static D:\Storage\Emirhan\5. Term\Microprocessors and Programming\MPLAB\buzzer_delaying.X\buzzer_delay.asm
               loop_3_sec   0x00001d    program     static D:\Storage\Emirhan\5. Term\Microprocessors and Programming\MPLAB\buzzer_delaying.X\buzzer_delay.asm


