MPLINK 5.08, LINKER
Linker Map File - Created Sun Nov 06 15:08:56 2022

                                 Section Info
                  Section       Type    Address   Location Size(Bytes)
                ---------  ---------  ---------  ---------  ---------
                   .org_0       code   0x000000    program   0x000024
                   .cinit    romdata   0x000012    program   0x000004
.config_2007_BUILD/DEFAULT/PRODUCTION/LED_BLI       code   0x002007    program   0x000002



                              Program Memory Usage 
                               Start         End      
                           ---------   ---------      
                            0x000000    0x000013      
                            0x002007    0x002007      
            21 out of 8454 program addresses used, program memory utilization is 0%



                              Symbols - Sorted by Name
                     Name    Address   Location    Storage File                     
                ---------  ---------  ---------  --------- ---------                
                  led1off   0x00000c    program     static D:\Storage\Emirhan\5. Term\Microprocessors and Programming\MPLAB\led_blinking.X\led_blink.asm
                   led1on   0x00000a    program     static D:\Storage\Emirhan\5. Term\Microprocessors and Programming\MPLAB\led_blinking.X\led_blink.asm
                  led2off   0x000010    program     static D:\Storage\Emirhan\5. Term\Microprocessors and Programming\MPLAB\led_blinking.X\led_blink.asm
                   led2on   0x00000e    program     static D:\Storage\Emirhan\5. Term\Microprocessors and Programming\MPLAB\led_blinking.X\led_blink.asm
                    test1   0x000004    program     static D:\Storage\Emirhan\5. Term\Microprocessors and Programming\MPLAB\led_blinking.X\led_blink.asm
                    test2   0x000007    program     static D:\Storage\Emirhan\5. Term\Microprocessors and Programming\MPLAB\led_blinking.X\led_blink.asm



                              Symbols - Sorted by Address
                     Name    Address   Location    Storage File                     
                ---------  ---------  ---------  --------- ---------                
                    test1   0x000004    program     static D:\Storage\Emirhan\5. Term\Microprocessors and Programming\MPLAB\led_blinking.X\led_blink.asm
                    test2   0x000007    program     static D:\Storage\Emirhan\5. Term\Microprocessors and Programming\MPLAB\led_blinking.X\led_blink.asm
                   led1on   0x00000a    program     static D:\Storage\Emirhan\5. Term\Microprocessors and Programming\MPLAB\led_blinking.X\led_blink.asm
                  led1off   0x00000c    program     static D:\Storage\Emirhan\5. Term\Microprocessors and Programming\MPLAB\led_blinking.X\led_blink.asm
                   led2on   0x00000e    program     static D:\Storage\Emirhan\5. Term\Microprocessors and Programming\MPLAB\led_blinking.X\led_blink.asm
                  led2off   0x000010    program     static D:\Storage\Emirhan\5. Term\Microprocessors and Programming\MPLAB\led_blinking.X\led_blink.asm


