CCS PCM C Compiler, Version 5.007, 61971               18-Dec-22 21:36

               Filename:   D:\Storage\Emirhan\5. Term\Microprocessors and Programming\CCS C\transmitter\transmitter.lst

               ROM used:   113 words (1%)
                           Largest free fragment is 2048
               RAM used:   5 (1%) at main() level
                           6 (2%) worst case
               Stack used: 0 locations
               Stack size: 8

*
0000:  MOVLW  00
0001:  MOVWF  0A
0002:  GOTO   019
0003:  NOP
.................... #include <16F877A.h> 
.................... //////// Standard Header file for the PIC16F877A device //////////////// 
.................... #device PIC16F877A 
....................  
.................... #list 
....................  
.................... #fuses XT, NOWDT, NOPROTECT, NOBROWNOUT, NOLVP, NOPUT, NOWRT, NODEBUG, NOCPD 
....................  
.................... #use delay(CLOCK = 4M) 
0004:  MOVLW  21
0005:  MOVWF  04
0006:  BCF    03.7
0007:  MOVF   00,W
0008:  BTFSC  03.2
0009:  GOTO   018
000A:  MOVLW  01
000B:  MOVWF  78
000C:  CLRF   77
000D:  DECFSZ 77,F
000E:  GOTO   00D
000F:  DECFSZ 78,F
0010:  GOTO   00C
0011:  MOVLW  4A
0012:  MOVWF  77
0013:  DECFSZ 77,F
0014:  GOTO   013
0015:  GOTO   016
0016:  DECFSZ 00,F
0017:  GOTO   00A
0018:  RETURN
....................  
.................... #use rs232 (baud=9600, xmit=PIN_C6, rcv=PIN_C7, bits=8, parity=N, stop=1) 
....................  
.................... void main() 
0019:  MOVLW  19
001A:  BSF    03.5
001B:  MOVWF  19
001C:  MOVLW  A6
001D:  MOVWF  18
001E:  MOVLW  90
001F:  BCF    03.5
0020:  MOVWF  18
0021:  BSF    03.5
0022:  BSF    1F.0
0023:  BSF    1F.1
0024:  BSF    1F.2
0025:  BCF    1F.3
0026:  MOVLW  07
0027:  MOVWF  1C
0028:  BCF    03.7
0029:  MOVLW  1F
002A:  ANDWF  03,F
.................... { 
....................       while(1) 
....................        
....................       { 
....................             delay_ms(100); 
002B:  MOVLW  64
002C:  BCF    03.5
002D:  MOVWF  21
002E:  CALL   004
....................             printf("2"); 
002F:  MOVLW  32
0030:  BTFSS  0C.4
0031:  GOTO   030
0032:  MOVWF  19
....................             delay_ms(100); 
0033:  MOVLW  64
0034:  MOVWF  21
0035:  CALL   004
....................              
....................             printf("4"); 
0036:  MOVLW  34
0037:  BTFSS  0C.4
0038:  GOTO   037
0039:  MOVWF  19
....................             delay_ms(100); 
003A:  MOVLW  64
003B:  MOVWF  21
003C:  CALL   004
....................              
....................             printf("P"); 
003D:  MOVLW  50
003E:  BTFSS  0C.4
003F:  GOTO   03E
0040:  MOVWF  19
....................             delay_ms(100); 
0041:  MOVLW  64
0042:  MOVWF  21
0043:  CALL   004
....................              
....................             printf("6"); 
0044:  MOVLW  36
0045:  BTFSS  0C.4
0046:  GOTO   045
0047:  MOVWF  19
....................             delay_ms(100); 
0048:  MOVLW  64
0049:  MOVWF  21
004A:  CALL   004
....................              
....................             printf("0"); 
004B:  MOVLW  30
004C:  BTFSS  0C.4
004D:  GOTO   04C
004E:  MOVWF  19
....................             delay_ms(100); 
004F:  MOVLW  64
0050:  MOVWF  21
0051:  CALL   004
....................              
....................             printf("I"); 
0052:  MOVLW  49
0053:  BTFSS  0C.4
0054:  GOTO   053
0055:  MOVWF  19
....................             delay_ms(100); 
0056:  MOVLW  64
0057:  MOVWF  21
0058:  CALL   004
....................              
....................             printf("6"); 
0059:  MOVLW  36
005A:  BTFSS  0C.4
005B:  GOTO   05A
005C:  MOVWF  19
....................             delay_ms(100); 
005D:  MOVLW  64
005E:  MOVWF  21
005F:  CALL   004
....................              
....................             printf("4"); 
0060:  MOVLW  34
0061:  BTFSS  0C.4
0062:  GOTO   061
0063:  MOVWF  19
....................             delay_ms(100); 
0064:  MOVLW  64
0065:  MOVWF  21
0066:  CALL   004
....................              
....................             printf("D"); 
0067:  MOVLW  44
0068:  BTFSS  0C.4
0069:  GOTO   068
006A:  MOVWF  19
....................             delay_ms(100); 
006B:  MOVLW  64
006C:  MOVWF  21
006D:  CALL   004
006E:  BSF    03.5
006F:  GOTO   02B
....................       } 
.................... } 
0070:  SLEEP

Configuration Fuses:
   Word  1: 3F39   XT NOWDT NOPUT NOBROWNOUT NOLVP NOCPD NOWRT NODEBUG NOPROTECT
